===== ANALYST ling3 2026-08-07 18:34:58 UTC =====
[91m[1mError: [0m{
  "name": "UnknownError",
  "data": {
    "message": "Unexpected server error. Check server logs for details.",
    "ref": "err_bd6ed83b"
  }
}
===== ANALYST ling3 2026-08-07 19:01:01 UTC =====
[91m[1mError: [0m{
  "name": "UnknownError",
  "data": {
    "message": "Unexpected server error. Check server logs for details.",
    "ref": "err_de0584c4"
  }
}
===== ANALYST ling3 2026-08-07 19:16:49 UTC =====
[91m[1mError: [0m{
  "name": "UnknownError",
  "data": {
    "message": "Unexpected server error. Check server logs for details.",
    "ref": "err_2cbcc66a"
  }
}
===== ANALYST ling3 2026-08-07 20:05:10 UTC =====
[91m[1mError: [0m{
  "name": "UnknownError",
  "data": {
    "message": "Unexpected server error. Check server logs for details.",
    "ref": "err_b45f9069"
  }
}
===== ANALYST ling3 2026-08-07 20:57:44 UTC =====
[91m[1mError: [0m{
  "name": "UnknownError",
  "data": {
    "message": "Unexpected server error. Check server logs for details.",
    "ref": "err_ac1b8534"
  }
}
