===== ANALYST laguna 2026-08-07 18:34:58 UTC =====
[0m
> build · laguna-s-2.1-free
[0m
I'll start by probing the current surface to detect any delta from the seed inventory. Running passive GET/HEAD requests with ≤1 rps spacing.
[0m$ [0mfor h in spare.com www.spare.com sparelabs.com platform.sparelabs.com api.sparelabs.com routing.sparelabs.com forms.sparelabs.com; do echo "=== $h ==="; curl -sI -m 8 "https://$h/" 2>&1 | head -n 8; echo; sleep 1.2; done
=== spare.com ===
HTTP/2 200 
date: Fri, 07 Aug 2026 18:29:16 GMT
content-type: text/html; charset=utf-8
set-cookie: _cfuvid=K7enygGJvpkeeinIxmqiSh7xqVUxFeRzPjeraLp1tZ0-1786127356.451341-1.0.1.1-G_1VtIWFVgtVcYJc3HRIKj6gwoQx4Gqp.wrBLRPkc8w; HttpOnly; SameSite=None; Secure; Path=/; Domain=spare.com
cf-ray: a2785889cb954623-DFW
cf-cache-status: HIT
age: 55978
last-modified: Fri, 07 Aug 2026 02:56:22 GMT

=== www.spare.com ===
HTTP/2 301 
date: Fri, 07 Aug 2026 18:29:18 GMT
content-type: text/html
content-length: 166
location: https://spare.com/
set-cookie: _cfuvid=zbJxtMbKa0U42FBMst8r4chX_X6rFR9nY90qWhDGSBs-1786127357.8463163-1.0.1.1-SuFJlBre40mbFupa.1RNhw4LVPiPa3PKlAlGQ99_few; HttpOnly; SameSite=None; Secure; Path=/; Domain=www.spare.com
cf-ray: a27858928c866de9-DFW
cf-cache-status: BYPASS

=== sparelabs.com ===
HTTP/2 301 
date: Fri, 07 Aug 2026 18:29:19 GMT
content-type: text/html; charset=UTF-8
location: https://spare.com/
strict-transport-security: max-age=0; preload
x-content-type-options: nosniff
report-to: {"group":"cf-nel","max_age":604800,"endpoints":[{"url":"https://a.nel.cloudflare.com/report/v4?s=JQW1ri62QsexlQIk4mS8uyHF9IkO9UhtCaG%2FqnUBiG82dTOzr10cZWe4k5p3PZvj1sBKpJCjp0yEtRjONkVhYndvLHnZW5rQUjkKPcV2If%2BcsKMMgGRc4NS1kMjJL0o%3D"}]}
nel: {"report_to":"cf-nel","success_fraction":0.0,"max_age":604800}

=== platform.sparelabs.com ===
HTTP/2 200 
content-security-policy: child-src 'self' blob: https://fast.wistia.net https://www.intercom-reporting.com https://intercom-sheets.com https://player.vimeo.com https://www.youtube.com;connect-src 'self' blob: https://*.analytics.google.com https://*.g.doubleclick.net https://*.google-analytics.com https://*.google.com https://*.googleapis.com https://*.googletagmanager.com https://*.gstatic.com https://*.intercom.io https://*.intercom-messenger.com https://*.intercomcdn.com https://*.intercomcdn.eu https://*.nyc3.digitaloceanspaces.com https://*.sfo2.digitaloceanspaces.com https://*.stripe.com https://*.tiles.mapbox.com https://api-js.mixpanel.com https://api.mapbox.com https://events.mapbox.com https://heapanalytics.com https://hooks.zapier.com https://intercomusercontent.com https://www.overpass-api.de https://overpass.private.coffee wss://*.intercom.io wss://*.intercom-messenger.com https://*.sparelabs.com wss://*.sparelabs.com https://*.sparelabs.ca wss://*.sparelabs.ca https://*.pusher.com https://storage.googleapis.com wss://*.twilio.com https://*.livekit.cloud wss://*.livekit.cloud https://api.open-meteo.com https://cognito-identity.us-west-2.amazonaws.com https://user-events-v3.s3-accelerate.amazonaws.com https://*.sentry.io https://*.sentry-cdn.com https://admin-eam-app-staging.vercel.app https://admin-eam-app.vercel.app https://admin-fixed-route-app-staging.vercel.app https://admin-fixed-route-app.vercel.app;default-src 'self' https://*.intercom.io https://intercom.help https://messenger-apps.intercom.io wss://*.intercom.io;font-src 'self' data: https://*.intercomcdn.com https://fonts.gstatic.com https://heapanalytics.com https://maxcdn.bootstrapcdn.com;frame-src 'self' https://*.googletagmanager.com https://*.loom.com https://*.stripe.com https://intercom-sheets.com https://metabase.sparelabs.com https://metabase.staging.sparelabs.com https://snippet.meticulous.ai https://*.withterminal.com;img-src 'self' blob: data: https://*.analytics.google.com https://*.au.intercom-attachments.com https://*.g.doubleclick.net https://*.google-analytics.com https://*.google.com https://*.googleapis.com https://*.googletagmanager.com https://*.gstatic.com https://*.intercom-attachments-1.com https://*.intercom-attachments-2.com https://*.intercom-attachments-3.com https://*.intercom-attachments-4.com https://*.intercom-attachments-5.com https://*.intercom-attachments-6.com https://*.intercom-attachments-7.com https://*.intercom-attachments-8.com https://*.intercom-attachments-9.com https://*.intercom-attachments.eu https://*.intercom.io https://*.intercomassets.com https://*.intercomassets.eu https://*.intercomcdn.com https://*.intercomcdn.eu https://*.nyc3.digitaloceanspaces.com https://*.sfo2.digitaloceanspaces.com https://*.sparelabs.com https://*.stripe.com https://heapanalytics.com https://*.intercomusercontent.com https://storage.googleapis.com https://translate.googleapis.com wss://*.intercom.io https://retell-utils-public.s3.us-west-2.amazonaws.com;manifest-src 'self';media-src 'self' https://*.intercomcdn.com https://api.twilio.com https://retell-utils-public.s3.us-west-2.amazonaws.com https://storage.googleapis.com;object-src 'self';script-src 'self' 'report-sample' 'unsafe-eval' 'wasm-unsafe-eval' 'unsafe-inline' https://*.google-analytics.com https://*.googleapis.com https://*.googletagmanager.com https://*.heapanalytics.com https://*.intercom.io https://*.intercomcdn.com https://*.stripe.com https://tagmanager.google.com https://translate.google.com https://translate.googleapis.com wss://*.intercom.io https://snippet.meticulous.ai https://browser.sentry-cdn.com https://admin-eam-app-staging.vercel.app https://admin-eam-app.vercel.app https://admin-fixed-route-app-staging.vercel.app https://admin-fixed-route-app.vercel.app;style-src 'self' 'report-sample' 'unsafe-inline' https://fonts.googleapis.com https://heapanalytics.com https://tagmanager.google.com https://translate.googleapis.com https://api.tiles.mapbox.com https://maxcdn.bootstrapcdn.com https://admin-eam-app-staging.vercel.app https://admin-eam-app.vercel.app https://admin-fixed-route-app-staging.vercel.app https://admin-fixed-route-app.vercel.app;worker-src 'self' blob:;form-action 'self' https://*.intercom.io https://intercom.help https://*.statuspage.io;base-uri 'self';frame-ancestors 'self';script-src-attr 'none';upgrade-insecure-requests
cross-origin-opener-policy: same-origin-allow-popups
cross-origin-resource-policy: same-origin
x-dns-prefetch-control: off
x-frame-options: SAMEORIGIN
strict-transport-security: max-age=31536000; includeSubDomains
x-download-options: noopen

=== api.sparelabs.com ===
HTTP/2 404 
vary: Accept-Encoding
date: Fri, 07 Aug 2026 18:29:24 GMT
server: envoy
via: 1.1 google
alt-svc: h3=":443"; ma=2592000,h3-29=":443"; ma=2592000


=== routing.sparelabs.com ===
HTTP/2 404 
vary: Accept-Encoding
date: Fri, 07 Aug 2026 18:29:25 GMT
server: envoy
via: 1.1 google
alt-svc: h3=":443"; ma=2592000


=== forms.sparelabs.com ===
HTTP/2 200 
content-length: 537
content-disposition: inline; filename="index.html"
accept-ranges: bytes
etag: "141d4d14a1faba20b6fa20a8f11e14a97a4d025a"
content-type: text/html; charset=utf-8
strict-transport-security: max-age=31536000; includeSubDomains
content-security-policy: default-src 'self'; script-src 'self' 'unsafe-inline'; style-src 'self' 'unsafe-inline'; img-src 'self' https: data: blob:; connect-src 'self' https://*.sparelabs.com; font-src 'self' data:; frame-src 'self' https:; media-src 'self' https: data: blob:; object-src 'none'; base-uri 'self'; form-action 'self'; manifest-src 'self'
[0m
Significant delta detected. Several hosts that previously timed out now respond. Let me probe the changed hosts further to gather evidence.
[0m$ [0mecho "=== forms.sparelabs.com body ==="; curl -s -m 8 "https://forms.sparelabs.com/" | head -c 600; echo; echo "=== sparelabs.com body (after redirect) ==="; curl -sL -m 8 "https://sparelabs.com/" | head -c 600; echo
=== forms.sparelabs.com body ===
<!doctype html><html lang="en"><head><meta charset="utf-8"/><link rel="icon" href="/favicon.ico"/><meta name="viewport" content="width=device-width,initial-scale=1"/><meta name="theme-color" content="#000000"/><meta name="description" content="Spare Engage Web Portal"/><title>Spare Engage</title><script defer="defer" src="/static/js/main.6ed467ae.js"></script><link href="/static/css/main.a39ccd6a.css" rel="stylesheet"></head><body><noscript>You need to enable JavaScript to run this app.</noscript><div id="root"></div></body></html>
=== sparelabs.com body (after redirect) ===
<!DOCTYPE html><!-- Last Published: Fri Aug 07 2026 02:56:04 GMT+0000 (Coordinated Universal Time) --><html data-wf-domain="spare.com" data-wf-page="69fcbe93301d2731681900f5" data-wf-site="66738eaed2726c155169f677" lang="en"><head><meta charset="utf-8"/><link href="https://cdn.prod.website-files.com" rel="preconnect" crossorigin="anonymous"/><title>Modern Transit Operations Platform | Spare</title><meta content="Unify every mode and asset on one platform, multiplying operational impact and delivering better service to every rider." name="description"/><meta content="Modern Transit Operations P
[0m
[0m$ [0mfor p in /docs /swagger /api /api/v1 /openapi.json /openapi /health /healthz /status /v1 /metrics; do echo "--- api.sparelabs.com$p ---"; curl -sI -m 6 "https://api.sparelabs.com$p" 2>&1 | head -n 2; sleep 1.2; done
--- api.sparelabs.com/docs ---
HTTP/2 404 
vary: Accept-Encoding
--- api.sparelabs.com/swagger ---
HTTP/2 404 
vary: Accept-Encoding
--- api.sparelabs.com/api ---
HTTP/2 404 
vary: Accept-Encoding
--- api.sparelabs.com/api/v1 ---
HTTP/2 404 
vary: Accept-Encoding
--- api.sparelabs.com/openapi.json ---
HTTP/2 404 
vary: Accept-Encoding
--- api.sparelabs.com/openapi ---
HTTP/2 404 
vary: Accept-Encoding
--- api.sparelabs.com/health ---
HTTP/2 404 
vary: Accept-Encoding
--- api.sparelabs.com/healthz ---
HTTP/2 404 
vary: Accept-Encoding
--- api.sparelabs.com/status ---
HTTP/2 404 
vary: Accept-Encoding
--- api.sparelabs.com/v1 ---
HTTP/2 404 
vary: Accept-Encoding
--- api.sparelabs.com/metrics ---
HTTP/2 404 
vary: Accept-Encoding
[0m
[0m$ [0mfor base in "https://routing.sparelabs.com" "https://platform.sparelabs.com"; do for p in / /docs /api /openapi.json /health /login /auth; do echo "--- $base$p ---"; curl -sI -m 6 "$base$p" 2>&1 | head -n 2; sleep 1.2; done; done
--- https://routing.sparelabs.com/ ---
HTTP/2 404 
vary: Accept-Encoding
--- https://routing.sparelabs.com/docs ---
HTTP/2 404 
vary: Accept-Encoding
--- https://routing.sparelabs.com/api ---
HTTP/2 404 
vary: Accept-Encoding
--- https://routing.sparelabs.com/openapi.json ---
HTTP/2 404 
vary: Accept-Encoding
--- https://routing.sparelabs.com/health ---
HTTP/2 404 
vary: Accept-Encoding
--- https://routing.sparelabs.com/login ---
HTTP/2 404 
vary: Accept-Encoding
--- https://routing.sparelabs.com/auth ---
HTTP/2 404 
vary: Accept-Encoding
--- https://platform.sparelabs.com/ ---
HTTP/2 200 
content-security-policy: child-src 'self' blob: https://fast.wistia.net https://www.intercom-reporting.com https://intercom-sheets.com https://player.vimeo.com https://www.youtube.com;connect-src 'self' blob: https://*.analytics.google.com https://*.g.doubleclick.net https://*.google-analytics.com https://*.google.com https://*.googleapis.com https://*.googletagmanager.com https://*.gstatic.com https://*.intercom.io https://*.intercom-messenger.com https://*.intercomcdn.com https://*.intercomcdn.eu https://*.nyc3.digitaloceanspaces.com https://*.sfo2.digitaloceanspaces.com https://*.stripe.com https://*.tiles.mapbox.com https://api-js.mixpanel.com https://api.mapbox.com https://events.mapbox.com https://heapanalytics.com https://hooks.zapier.com https://intercomusercontent.com https://www.overpass-api.de https://overpass.private.coffee wss://*.intercom.io wss://*.intercom-messenger.com https://*.sparelabs.com wss://*.sparelabs.com https://*.sparelabs.ca wss://*.sparelabs.ca https://*.pusher.com https://storage.googleapis.com wss://*.twilio.com https://*.livekit.cloud wss://*.livekit.cloud https://api.open-meteo.com https://cognito-identity.us-west-2.amazonaws.com https://user-events-v3.s3-accelerate.amazonaws.com https://*.sentry.io https://*.sentry-cdn.com https://admin-eam-app-staging.vercel.app https://admin-eam-app.vercel.app https://admin-fixed-route-app-staging.vercel.app https://admin-fixed-route-app.vercel.app;default-src 'self' https://*.intercom.io https://intercom.help https://messenger-apps.intercom.io wss://*.intercom.io;font-src 'self' data: https://*.intercomcdn.com https://fonts.gstatic.com https://heapanalytics.com https://maxcdn.bootstrapcdn.com;frame-src 'self' https://*.googletagmanager.com https://*.loom.com https://*.stripe.com https://intercom-sheets.com https://metabase.sparelabs.com https://metabase.staging.sparelabs.com https://snippet.meticulous.ai https://*.withterminal.com;img-src 'self' blob: data: https://*.analytics.google.com https://*.au.intercom-attachments.com https://*.g.doubleclick.net https://*.google-analytics.com https://*.google.com https://*.googleapis.com https://*.googletagmanager.com https://*.gstatic.com https://*.intercom-attachments-1.com https://*.intercom-attachments-2.com https://*.intercom-attachments-3.com https://*.intercom-attachments-4.com https://*.intercom-attachments-5.com https://*.intercom-attachments-6.com https://*.intercom-attachments-7.com https://*.intercom-attachments-8.com https://*.intercom-attachments-9.com https://*.intercom-attachments.eu https://*.intercom.io https://*.intercomassets.com https://*.intercomassets.eu https://*.intercomcdn.com https://*.intercomcdn.eu https://*.nyc3.digitaloceanspaces.com https://*.sfo2.digitaloceanspaces.com https://*.sparelabs.com https://*.stripe.com https://heapanalytics.com https://*.intercomusercontent.com https://storage.googleapis.com https://translate.googleapis.com wss://*.intercom.io https://retell-utils-public.s3.us-west-2.amazonaws.com;manifest-src 'self';media-src 'self' https://*.intercomcdn.com https://api.twilio.com https://retell-utils-public.s3.us-west-2.amazonaws.com https://storage.googleapis.com;object-src 'self';script-src 'self' 'report-sample' 'unsafe-eval' 'wasm-unsafe-eval' 'unsafe-inline' https://*.google-analytics.com https://*.googleapis.com https://*.googletagmanager.com https://*.heapanalytics.com https://*.intercom.io https://*.intercomcdn.com https://*.stripe.com https://tagmanager.google.com https://translate.google.com https://translate.googleapis.com wss://*.intercom.io https://snippet.meticulous.ai https://browser.sentry-cdn.com https://admin-eam-app-staging.vercel.app https://admin-eam-app.vercel.app https://admin-fixed-route-app-staging.vercel.app https://admin-fixed-route-app.vercel.app;style-src 'self' 'report-sample' 'unsafe-inline' https://fonts.googleapis.com https://heapanalytics.com https://tagmanager.google.com https://translate.googleapis.com https://api.tiles.mapbox.com https://maxcdn.bootstrapcdn.com https://admin-eam-app-staging.vercel.app https://admin-eam-app.vercel.app https://admin-fixed-route-app-staging.vercel.app https://admin-fixed-route-app.vercel.app;worker-src 'self' blob:;form-action 'self' https://*.intercom.io https://intercom.help https://*.statuspage.io;base-uri 'self';frame-ancestors 'self';script-src-attr 'none';upgrade-insecure-requests
--- https://platform.sparelabs.com/docs ---
HTTP/2 200 
content-security-policy: child-src 'self' blob: https://fast.wistia.net https://www.intercom-reporting.com https://intercom-sheets.com https://player.vimeo.com https://www.youtube.com;connect-src 'self' blob: https://*.analytics.google.com https://*.g.doubleclick.net https://*.google-analytics.com https://*.google.com https://*.googleapis.com https://*.googletagmanager.com https://*.gstatic.com https://*.intercom.io https://*.intercom-messenger.com https://*.intercomcdn.com https://*.intercomcdn.eu https://*.nyc3.digitaloceanspaces.com https://*.sfo2.digitaloceanspaces.com https://*.stripe.com https://*.tiles.mapbox.com https://api-js.mixpanel.com https://api.mapbox.com https://events.mapbox.com https://heapanalytics.com https://hooks.zapier.com https://intercomusercontent.com https://www.overpass-api.de https://overpass.private.coffee wss://*.intercom.io wss://*.intercom-messenger.com https://*.sparelabs.com wss://*.sparelabs.com https://*.sparelabs.ca wss://*.sparelabs.ca https://*.pusher.com https://storage.googleapis.com wss://*.twilio.com https://*.livekit.cloud wss://*.livekit.cloud https://api.open-meteo.com https://cognito-identity.us-west-2.amazonaws.com https://user-events-v3.s3-accelerate.amazonaws.com https://*.sentry.io https://*.sentry-cdn.com https://admin-eam-app-staging.vercel.app https://admin-eam-app.vercel.app https://admin-fixed-route-app-staging.vercel.app https://admin-fixed-route-app.vercel.app;default-src 'self' https://*.intercom.io https://intercom.help https://messenger-apps.intercom.io wss://*.intercom.io;font-src 'self' data: https://*.intercomcdn.com https://fonts.gstatic.com https://heapanalytics.com https://maxcdn.bootstrapcdn.com;frame-src 'self' https://*.googletagmanager.com https://*.loom.com https://*.stripe.com https://intercom-sheets.com https://metabase.sparelabs.com https://metabase.staging.sparelabs.com https://snippet.meticulous.ai https://*.withterminal.com;img-src 'self' blob: data: https://*.analytics.google.com https://*.au.intercom-attachments.com https://*.g.doubleclick.net https://*.google-analytics.com https://*.google.com https://*.googleapis.com https://*.googletagmanager.com https://*.gstatic.com https://*.intercom-attachments-1.com https://*.intercom-attachments-2.com https://*.intercom-attachments-3.com https://*.intercom-attachments-4.com https://*.intercom-attachments-5.com https://*.intercom-attachments-6.com https://*.intercom-attachments-7.com https://*.intercom-attachments-8.com https://*.intercom-attachments-9.com https://*.intercom-attachments.eu https://*.intercom.io https://*.intercomassets.com https://*.intercomassets.eu https://*.intercomcdn.com https://*.intercomcdn.eu https://*.nyc3.digitaloceanspaces.com https://*.sfo2.digitaloceanspaces.com https://*.sparelabs.com https://*.stripe.com https://heapanalytics.com https://*.intercomusercontent.com https://storage.googleapis.com https://translate.googleapis.com wss://*.intercom.io https://retell-utils-public.s3.us-west-2.amazonaws.com;manifest-src 'self';media-src 'self' https://*.intercomcdn.com https://api.twilio.com https://retell-utils-public.s3.us-west-2.amazonaws.com https://storage.googleapis.com;object-src 'self';script-src 'self' 'report-sample' 'unsafe-eval' 'wasm-unsafe-eval' 'unsafe-inline' https://*.google-analytics.com https://*.googleapis.com https://*.googletagmanager.com https://*.heapanalytics.com https://*.intercom.io https://*.intercomcdn.com https://*.stripe.com https://tagmanager.google.com https://translate.google.com https://translate.googleapis.com wss://*.intercom.io https://snippet.meticulous.ai https://browser.sentry-cdn.com https://admin-eam-app-staging.vercel.app https://admin-eam-app.vercel.app https://admin-fixed-route-app-staging.vercel.app https://admin-fixed-route-app.vercel.app;style-src 'self' 'report-sample' 'unsafe-inline' https://fonts.googleapis.com https://heapanalytics.com https://tagmanager.google.com https://translate.googleapis.com https://api.tiles.mapbox.com https://maxcdn.bootstrapcdn.com https://admin-eam-app-staging.vercel.app https://admin-eam-app.vercel.app https://admin-fixed-route-app-staging.vercel.app https://admin-fixed-route-app.vercel.app;worker-src 'self' blob:;form-action 'self' https://*.intercom.io https://intercom.help https://*.statuspage.io;base-uri 'self';frame-ancestors 'self';script-src-attr 'none';upgrade-insecure-requests
--- https://platform.sparelabs.com/api ---
HTTP/2 200 
content-security-policy: child-src 'self' blob: https://fast.wistia.net https://www.intercom-reporting.com https://intercom-sheets.com https://player.vimeo.com https://www.youtube.com;connect-src 'self' blob: https://*.analytics.google.com https://*.g.doubleclick.net https://*.google-analytics.com https://*.google.com https://*.googleapis.com https://*.googletagmanager.com https://*.gstatic.com https://*.intercom.io https://*.intercom-messenger.com https://*.intercomcdn.com https://*.intercomcdn.eu https://*.nyc3.digitaloceanspaces.com https://*.sfo2.digitaloceanspaces.com https://*.stripe.com https://*.tiles.mapbox.com https://api-js.mixpanel.com https://api.mapbox.com https://events.mapbox.com https://heapanalytics.com https://hooks.zapier.com https://intercomusercontent.com https://www.overpass-api.de https://overpass.private.coffee wss://*.intercom.io wss://*.intercom-messenger.com https://*.sparelabs.com wss://*.sparelabs.com https://*.sparelabs.ca wss://*.sparelabs.ca https://*.pusher.com https://storage.googleapis.com wss://*.twilio.com https://*.livekit.cloud wss://*.livekit.cloud https://api.open-meteo.com https://cognito-identity.us-west-2.amazonaws.com https://user-events-v3.s3-accelerate.amazonaws.com https://*.sentry.io https://*.sentry-cdn.com https://admin-eam-app-staging.vercel.app https://admin-eam-app.vercel.app https://admin-fixed-route-app-staging.vercel.app https://admin-fixed-route-app.vercel.app;default-src 'self' https://*.intercom.io https://intercom.help https://messenger-apps.intercom.io wss://*.intercom.io;font-src 'self' data: https://*.intercomcdn.com https://fonts.gstatic.com https://heapanalytics.com https://maxcdn.bootstrapcdn.com;frame-src 'self' https://*.googletagmanager.com https://*.loom.com https://*.stripe.com https://intercom-sheets.com https://metabase.sparelabs.com https://metabase.staging.sparelabs.com https://snippet.meticulous.ai https://*.withterminal.com;img-src 'self' blob: data: https://*.analytics.google.com https://*.au.intercom-attachments.com https://*.g.doubleclick.net https://*.google-analytics.com https://*.google.com https://*.googleapis.com https://*.googletagmanager.com https://*.gstatic.com https://*.intercom-attachments-1.com https://*.intercom-attachments-2.com https://*.intercom-attachments-3.com https://*.intercom-attachments-4.com https://*.intercom-attachments-5.com https://*.intercom-attachments-6.com https://*.intercom-attachments-7.com https://*.intercom-attachments-8.com https://*.intercom-attachments-9.com https://*.intercom-attachments.eu https://*.intercom.io https://*.intercomassets.com https://*.intercomassets.eu https://*.intercomcdn.com https://*.intercomcdn.eu https://*.nyc3.digitaloceanspaces.com https://*.sfo2.digitaloceanspaces.com https://*.sparelabs.com https://*.stripe.com https://heapanalytics.com https://*.intercomusercontent.com https://storage.googleapis.com https://translate.googleapis.com wss://*.intercom.io https://retell-utils-public.s3.us-west-2.amazonaws.com;manifest-src 'self';media-src 'self' https://*.intercomcdn.com https://api.twilio.com https://retell-utils-public.s3.us-west-2.amazonaws.com https://storage.googleapis.com;object-src 'self';script-src 'self' 'report-sample' 'unsafe-eval' 'wasm-unsafe-eval' 'unsafe-inline' https://*.google-analytics.com https://*.googleapis.com https://*.googletagmanager.com https://*.heapanalytics.com https://*.intercom.io https://*.intercomcdn.com https://*.stripe.com https://tagmanager.google.com https://translate.google.com https://translate.googleapis.com wss://*.intercom.io https://snippet.meticulous.ai https://browser.sentry-cdn.com https://admin-eam-app-staging.vercel.app https://admin-eam-app.vercel.app https://admin-fixed-route-app-staging.vercel.app https://admin-fixed-route-app.vercel.app;style-src 'self' 'report-sample' 'unsafe-inline' https://fonts.googleapis.com https://heapanalytics.com https://tagmanager.google.com https://translate.googleapis.com https://api.tiles.mapbox.com https://maxcdn.bootstrapcdn.com https://admin-eam-app-staging.vercel.app https://admin-eam-app.vercel.app https://admin-fixed-route-app-staging.vercel.app https://admin-fixed-route-app.vercel.app;worker-src 'self' blob:;form-action 'self' https://*.intercom.io https://intercom.help https://*.statuspage.io;base-uri 'self';frame-ancestors 'self';script-src-attr 'none';upgrade-insecure-requests
--- https://platform.sparelabs.com/openapi.json ---
HTTP/2 200 
content-security-policy: child-src 'self' blob: https://fast.wistia.net https://www.intercom-reporting.com https://intercom-sheets.com https://player.vimeo.com https://www.youtube.com;connect-src 'self' blob: https://*.analytics.google.com https://*.g.doubleclick.net https://*.google-analytics.com https://*.google.com https://*.googleapis.com https://*.googletagmanager.com https://*.gstatic.com https://*.intercom.io https://*.intercom-messenger.com https://*.intercomcdn.com https://*.intercomcdn.eu https://*.nyc3.digitaloceanspaces.com https://*.sfo2.digitaloceanspaces.com https://*.stripe.com https://*.tiles.mapbox.com https://api-js.mixpanel.com https://api.mapbox.com https://events.mapbox.com https://heapanalytics.com https://hooks.zapier.com https://intercomusercontent.com https://www.overpass-api.de https://overpass.private.coffee wss://*.intercom.io wss://*.intercom-messenger.com https://*.sparelabs.com wss://*.sparelabs.com https://*.sparelabs.ca wss://*.sparelabs.ca https://*.pusher.com https://storage.googleapis.com wss://*.twilio.com https://*.livekit.cloud wss://*.livekit.cloud https://api.open-meteo.com https://cognito-identity.us-west-2.amazonaws.com https://user-events-v3.s3-accelerate.amazonaws.com https://*.sentry.io https://*.sentry-cdn.com https://admin-eam-app-staging.vercel.app https://admin-eam-app.vercel.app https://admin-fixed-route-app-staging.vercel.app https://admin-fixed-route-app.vercel.app;default-src 'self' https://*.intercom.io https://intercom.help https://messenger-apps.intercom.io wss://*.intercom.io;font-src 'self' data: https://*.intercomcdn.com https://fonts.gstatic.com https://heapanalytics.com https://maxcdn.bootstrapcdn.com;frame-src 'self' https://*.googletagmanager.com https://*.loom.com https://*.stripe.com https://intercom-sheets.com https://metabase.sparelabs.com https://metabase.staging.sparelabs.com https://snippet.meticulous.ai https://*.withterminal.com;img-src 'self' blob: data: https://*.analytics.google.com https://*.au.intercom-attachments.com https://*.g.doubleclick.net https://*.google-analytics.com https://*.google.com https://*.googleapis.com https://*.googletagmanager.com https://*.gstatic.com https://*.intercom-attachments-1.com https://*.intercom-attachments-2.com https://*.intercom-attachments-3.com https://*.intercom-attachments-4.com https://*.intercom-attachments-5.com https://*.intercom-attachments-6.com https://*.intercom-attachments-7.com https://*.intercom-attachments-8.com https://*.intercom-attachments-9.com https://*.intercom-attachments.eu https://*.intercom.io https://*.intercomassets.com https://*.intercomassets.eu https://*.intercomcdn.com https://*.intercomcdn.eu https://*.nyc3.digitaloceanspaces.com https://*.sfo2.digitaloceanspaces.com https://*.sparelabs.com https://*.stripe.com https://heapanalytics.com https://*.intercomusercontent.com https://storage.googleapis.com https://translate.googleapis.com wss://*.intercom.io https://retell-utils-public.s3.us-west-2.amazonaws.com;manifest-src 'self';media-src 'self' https://*.intercomcdn.com https://api.twilio.com https://retell-utils-public.s3.us-west-2.amazonaws.com https://storage.googleapis.com;object-src 'self';script-src 'self' 'report-sample' 'unsafe-eval' 'wasm-unsafe-eval' 'unsafe-inline' https://*.google-analytics.com https://*.googleapis.com https://*.googletagmanager.com https://*.heapanalytics.com https://*.intercom.io https://*.intercomcdn.com https://*.stripe.com https://tagmanager.google.com https://translate.google.com https://translate.googleapis.com wss://*.intercom.io https://snippet.meticulous.ai https://browser.sentry-cdn.com https://admin-eam-app-staging.vercel.app https://admin-eam-app.vercel.app https://admin-fixed-route-app-staging.vercel.app https://admin-fixed-route-app.vercel.app;style-src 'self' 'report-sample' 'unsafe-inline' https://fonts.googleapis.com https://heapanalytics.com https://tagmanager.google.com https://translate.googleapis.com https://api.tiles.mapbox.com https://maxcdn.bootstrapcdn.com https://admin-eam-app-staging.vercel.app https://admin-eam-app.vercel.app https://admin-fixed-route-app-staging.vercel.app https://admin-fixed-route-app.vercel.app;worker-src 'self' blob:;form-action 'self' https://*.intercom.io https://intercom.help https://*.statuspage.io;base-uri 'self';frame-ancestors 'self';script-src-attr 'none';upgrade-insecure-requests
--- https://platform.sparelabs.com/health ---
HTTP/2 200 
content-security-policy: child-src 'self' blob: https://fast.wistia.net https://www.intercom-reporting.com https://intercom-sheets.com https://player.vimeo.com https://www.youtube.com;connect-src 'self' blob: https://*.analytics.google.com https://*.g.doubleclick.net https://*.google-analytics.com https://*.google.com https://*.googleapis.com https://*.googletagmanager.com https://*.gstatic.com https://*.intercom.io https://*.intercom-messenger.com https://*.intercomcdn.com https://*.intercomcdn.eu https://*.nyc3.digitaloceanspaces.com https://*.sfo2.digitaloceanspaces.com https://*.stripe.com https://*.tiles.mapbox.com https://api-js.mixpanel.com https://api.mapbox.com https://events.mapbox.com https://heapanalytics.com https://hooks.zapier.com https://intercomusercontent.com https://www.overpass-api.de https://overpass.private.coffee wss://*.intercom.io wss://*.intercom-messenger.com https://*.sparelabs.com wss://*.sparelabs.com https://*.sparelabs.ca wss://*.sparelabs.ca https://*.pusher.com https://storage.googleapis.com wss://*.twilio.com https://*.livekit.cloud wss://*.livekit.cloud https://api.open-meteo.com https://cognito-identity.us-west-2.amazonaws.com https://user-events-v3.s3-accelerate.amazonaws.com https://*.sentry.io https://*.sentry-cdn.com https://admin-eam-app-staging.vercel.app https://admin-eam-app.vercel.app https://admin-fixed-route-app-staging.vercel.app https://admin-fixed-route-app.vercel.app;default-src 'self' https://*.intercom.io https://intercom.help https://messenger-apps.intercom.io wss://*.intercom.io;font-src 'self' data: https://*.intercomcdn.com https://fonts.gstatic.com https://heapanalytics.com https://maxcdn.bootstrapcdn.com;frame-src 'self' https://*.googletagmanager.com https://*.loom.com https://*.stripe.com https://intercom-sheets.com https://metabase.sparelabs.com https://metabase.staging.sparelabs.com https://snippet.meticulous.ai https://*.withterminal.com;img-src 'self' blob: data: https://*.analytics.google.com https://*.au.intercom-attachments.com https://*.g.doubleclick.net https://*.google-analytics.com https://*.google.com https://*.googleapis.com https://*.googletagmanager.com https://*.gstatic.com https://*.intercom-attachments-1.com https://*.intercom-attachments-2.com https://*.intercom-attachments-3.com https://*.intercom-attachments-4.com https://*.intercom-attachments-5.com https://*.intercom-attachments-6.com https://*.intercom-attachments-7.com https://*.intercom-attachments-8.com https://*.intercom-attachments-9.com https://*.intercom-attachments.eu https://*.intercom.io https://*.intercomassets.com https://*.intercomassets.eu https://*.intercomcdn.com https://*.intercomcdn.eu https://*.nyc3.digitaloceanspaces.com https://*.sfo2.digitaloceanspaces.com https://*.sparelabs.com https://*.stripe.com https://heapanalytics.com https://*.intercomusercontent.com https://storage.googleapis.com https://translate.googleapis.com wss://*.intercom.io https://retell-utils-public.s3.us-west-2.amazonaws.com;manifest-src 'self';media-src 'self' https://*.intercomcdn.com https://api.twilio.com https://retell-utils-public.s3.us-west-2.amazonaws.com https://storage.googleapis.com;object-src 'self';script-src 'self' 'report-sample' 'unsafe-eval' 'wasm-unsafe-eval' 'unsafe-inline' https://*.google-analytics.com https://*.googleapis.com https://*.googletagmanager.com https://*.heapanalytics.com https://*.intercom.io https://*.intercomcdn.com https://*.stripe.com https://tagmanager.google.com https://translate.google.com https://translate.googleapis.com wss://*.intercom.io https://snippet.meticulous.ai https://browser.sentry-cdn.com https://admin-eam-app-staging.vercel.app https://admin-eam-app.vercel.app https://admin-fixed-route-app-staging.vercel.app https://admin-fixed-route-app.vercel.app;style-src 'self' 'report-sample' 'unsafe-inline' https://fonts.googleapis.com https://heapanalytics.com https://tagmanager.google.com https://translate.googleapis.com https://api.tiles.mapbox.com https://maxcdn.bootstrapcdn.com https://admin-eam-app-staging.vercel.app https://admin-eam-app.vercel.app https://admin-fixed-route-app-staging.vercel.app https://admin-fixed-route-app.vercel.app;worker-src 'self' blob:;form-action 'self' https://*.intercom.io https://intercom.help https://*.statuspage.io;base-uri 'self';frame-ancestors 'self';script-src-attr 'none';upgrade-insecure-requests
--- https://platform.sparelabs.com/login ---
HTTP/2 200 
content-security-policy: child-src 'self' blob: https://fast.wistia.net https://www.intercom-reporting.com https://intercom-sheets.com https://player.vimeo.com https://www.youtube.com;connect-src 'self' blob: https://*.analytics.google.com https://*.g.doubleclick.net https://*.google-analytics.com https://*.google.com https://*.googleapis.com https://*.googletagmanager.com https://*.gstatic.com https://*.intercom.io https://*.intercom-messenger.com https://*.intercomcdn.com https://*.intercomcdn.eu https://*.nyc3.digitaloceanspaces.com https://*.sfo2.digitaloceanspaces.com https://*.stripe.com https://*.tiles.mapbox.com https://api-js.mixpanel.com https://api.mapbox.com https://events.mapbox.com https://heapanalytics.com https://hooks.zapier.com https://intercomusercontent.com https://www.overpass-api.de https://overpass.private.coffee wss://*.intercom.io wss://*.intercom-messenger.com https://*.sparelabs.com wss://*.sparelabs.com https://*.sparelabs.ca wss://*.sparelabs.ca https://*.pusher.com https://storage.googleapis.com wss://*.twilio.com https://*.livekit.cloud wss://*.livekit.cloud https://api.open-meteo.com https://cognito-identity.us-west-2.amazonaws.com https://user-events-v3.s3-accelerate.amazonaws.com https://*.sentry.io https://*.sentry-cdn.com https://admin-eam-app-staging.vercel.app https://admin-eam-app.vercel.app https://admin-fixed-route-app-staging.vercel.app https://admin-fixed-route-app.vercel.app;default-src 'self' https://*.intercom.io https://intercom.help https://messenger-apps.intercom.io wss://*.intercom.io;font-src 'self' data: https://*.intercomcdn.com https://fonts.gstatic.com https://heapanalytics.com https://maxcdn.bootstrapcdn.com;frame-src 'self' https://*.googletagmanager.com https://*.loom.com https://*.stripe.com https://intercom-sheets.com https://metabase.sparelabs.com https://metabase.staging.sparelabs.com https://snippet.meticulous.ai https://*.withterminal.com;img-src 'self' blob: data: https://*.analytics.google.com https://*.au.intercom-attachments.com https://*.g.doubleclick.net https://*.google-analytics.com https://*.google.com https://*.googleapis.com https://*.googletagmanager.com https://*.gstatic.com https://*.intercom-attachments-1.com https://*.intercom-attachments-2.com https://*.intercom-attachments-3.com https://*.intercom-attachments-4.com https://*.intercom-attachments-5.com https://*.intercom-attachments-6.com https://*.intercom-attachments-7.com https://*.intercom-attachments-8.com https://*.intercom-attachments-9.com https://*.intercom-attachments.eu https://*.intercom.io https://*.intercomassets.com https://*.intercomassets.eu https://*.intercomcdn.com https://*.intercomcdn.eu https://*.nyc3.digitaloceanspaces.com https://*.sfo2.digitaloceanspaces.com https://*.sparelabs.com https://*.stripe.com https://heapanalytics.com https://*.intercomusercontent.com https://storage.googleapis.com https://translate.googleapis.com wss://*.intercom.io https://retell-utils-public.s3.us-west-2.amazonaws.com;manifest-src 'self';media-src 'self' https://*.intercomcdn.com https://api.twilio.com https://retell-utils-public.s3.us-west-2.amazonaws.com https://storage.googleapis.com;object-src 'self';script-src 'self' 'report-sample' 'unsafe-eval' 'wasm-unsafe-eval' 'unsafe-inline' https://*.google-analytics.com https://*.googleapis.com https://*.googletagmanager.com https://*.heapanalytics.com https://*.intercom.io https://*.intercomcdn.com https://*.stripe.com https://tagmanager.google.com https://translate.google.com https://translate.googleapis.com wss://*.intercom.io https://snippet.meticulous.ai https://browser.sentry-cdn.com https://admin-eam-app-staging.vercel.app https://admin-eam-app.vercel.app https://admin-fixed-route-app-staging.vercel.app https://admin-fixed-route-app.vercel.app;style-src 'self' 'report-sample' 'unsafe-inline' https://fonts.googleapis.com https://heapanalytics.com https://tagmanager.google.com https://translate.googleapis.com https://api.tiles.mapbox.com https://maxcdn.bootstrapcdn.com https://admin-eam-app-staging.vercel.app https://admin-eam-app.vercel.app https://admin-fixed-route-app-staging.vercel.app https://admin-fixed-route-app.vercel.app;worker-src 'self' blob:;form-action 'self' https://*.intercom.io https://intercom.help https://*.statuspage.io;base-uri 'self';frame-ancestors 'self';script-src-attr 'none';upgrade-insecure-requests
--- https://platform.sparelabs.com/auth ---
HTTP/2 200 
content-security-policy: child-src 'self' blob: https://fast.wistia.net https://www.intercom-reporting.com https://intercom-sheets.com https://player.vimeo.com https://www.youtube.com;connect-src 'self' blob: https://*.analytics.google.com https://*.g.doubleclick.net https://*.google-analytics.com https://*.google.com https://*.googleapis.com https://*.googletagmanager.com https://*.gstatic.com https://*.intercom.io https://*.intercom-messenger.com https://*.intercomcdn.com https://*.intercomcdn.eu https://*.nyc3.digitaloceanspaces.com https://*.sfo2.digitaloceanspaces.com https://*.stripe.com https://*.tiles.mapbox.com https://api-js.mixpanel.com https://api.mapbox.com https://events.mapbox.com https://heapanalytics.com https://hooks.zapier.com https://intercomusercontent.com https://www.overpass-api.de https://overpass.private.coffee wss://*.intercom.io wss://*.intercom-messenger.com https://*.sparelabs.com wss://*.sparelabs.com https://*.sparelabs.ca wss://*.sparelabs.ca https://*.pusher.com https://storage.googleapis.com wss://*.twilio.com https://*.livekit.cloud wss://*.livekit.cloud https://api.open-meteo.com https://cognito-identity.us-west-2.amazonaws.com https://user-events-v3.s3-accelerate.amazonaws.com https://*.sentry.io https://*.sentry-cdn.com https://admin-eam-app-staging.vercel.app https://admin-eam-app.vercel.app https://admin-fixed-route-app-staging.vercel.app https://admin-fixed-route-app.vercel.app;default-src 'self' https://*.intercom.io https://intercom.help https://messenger-apps.intercom.io wss://*.intercom.io;font-src 'self' data: https://*.intercomcdn.com https://fonts.gstatic.com https://heapanalytics.com https://maxcdn.bootstrapcdn.com;frame-src 'self' https://*.googletagmanager.com https://*.loom.com https://*.stripe.com https://intercom-sheets.com https://metabase.sparelabs.com https://metabase.staging.sparelabs.com https://snippet.meticulous.ai https://*.withterminal.com;img-src 'self' blob: data: https://*.analytics.google.com https://*.au.intercom-attachments.com https://*.g.doubleclick.net https://*.google-analytics.com https://*.google.com https://*.googleapis.com https://*.googletagmanager.com https://*.gstatic.com https://*.intercom-attachments-1.com https://*.intercom-attachments-2.com https://*.intercom-attachments-3.com https://*.intercom-attachments-4.com https://*.intercom-attachments-5.com https://*.intercom-attachments-6.com https://*.intercom-attachments-7.com https://*.intercom-attachments-8.com https://*.intercom-attachments-9.com https://*.intercom-attachments.eu https://*.intercom.io https://*.intercomassets.com https://*.intercomassets.eu https://*.intercomcdn.com https://*.intercomcdn.eu https://*.nyc3.digitaloceanspaces.com https://*.sfo2.digitaloceanspaces.com https://*.sparelabs.com https://*.stripe.com https://heapanalytics.com https://*.intercomusercontent.com https://storage.googleapis.com https://translate.googleapis.com wss://*.intercom.io https://retell-utils-public.s3.us-west-2.amazonaws.com;manifest-src 'self';media-src 'self' https://*.intercomcdn.com https://api.twilio.com https://retell-utils-public.s3.us-west-2.amazonaws.com https://storage.googleapis.com;object-src 'self';script-src 'self' 'report-sample' 'unsafe-eval' 'wasm-unsafe-eval' 'unsafe-inline' https://*.google-analytics.com https://*.googleapis.com https://*.googletagmanager.com https://*.heapanalytics.com https://*.intercom.io https://*.intercomcdn.com https://*.stripe.com https://tagmanager.google.com https://translate.google.com https://translate.googleapis.com wss://*.intercom.io https://snippet.meticulous.ai https://browser.sentry-cdn.com https://admin-eam-app-staging.vercel.app https://admin-eam-app.vercel.app https://admin-fixed-route-app-staging.vercel.app https://admin-fixed-route-app.vercel.app;style-src 'self' 'report-sample' 'unsafe-inline' https://fonts.googleapis.com https://heapanalytics.com https://tagmanager.google.com https://translate.googleapis.com https://api.tiles.mapbox.com https://maxcdn.bootstrapcdn.com https://admin-eam-app-staging.vercel.app https://admin-eam-app.vercel.app https://admin-fixed-route-app-staging.vercel.app https://admin-fixed-route-app.vercel.app;worker-src 'self' blob:;form-action 'self' https://*.intercom.io https://intercom.help https://*.statuspage.io;base-uri 'self';frame-ancestors 'self';script-src-attr 'none';upgrade-insecure-requests
[0m
Key finding: `platform.sparelabs.com` returns 200 for every path (SPA fallback), and its CSP leaks internal/staging hosts. Let me verify the platform login/auth provider to ground the next action.
[0m$ [0mecho "=== platform /login body (first 800 chars) ==="; curl -s -m 8 "https://platform.sparelabs.com/login" | head -c 800; echo; echo "=== grep cognito/amazoncognito in /login ==="; curl -s -m 8 "https://platform.sparelabs.com/login" | grep -oiE "amazoncognito[^ \">]*|cognito[^ \">,]*|client_id[^ \">,]*" | head -n 10; echo "=== main js name ==="; curl -s -m 8 "https://platform.sparelabs.com/login" | grep -oiE "/static/js/[^\"' ]+\.js" | head -n 5
=== platform /login body (first 800 chars) ===
<!doctype html>
<html lang="en">
  <head>
    <meta charset="utf-8" />
    <meta name="viewport" content="width=device-width, initial-scale=1" />
    <meta http-equiv="cache-control" content="max-age=0" />
    <meta http-equiv="cache-control" content="no-cache" />
    <meta http-equiv="expires" content="0" />
    <meta http-equiv="expires" content="Tue, 01 Jan 1980 1:00:00 GMT" />
    <meta http-equiv="pragma" content="no-cache" />
    <!--
      Notice we prevent caching of the index.html file so that users are
      not seeing an old build at any time when they refresh the page
    -->
    <link rel="shortcut icon" href="/favicon.ico" />
    <!--
      Micro-frontend manifest prefetch script (generated from config/mfeConfig.js).
      
      This script fetches ALL MFE manifest URLs earl
=== grep cognito/amazoncognito in /login ===
=== main js name ===
[0m
`platform.sparelabs.com` is a micro-frontend (MFE) orchestrator. Let me extract the MFE manifest URLs from the shell to enumerate the federated services — a concrete in-scope intel probe.
[0m$ [0mcurl -s -m 8 "https://platform.sparelabs.com/login" | grep -oiE 'https?://[^"'\'' <>]+' | sort -u | head -n 40
https://admin-eam-app-staging.vercel.app/manifest.wc.json
https://admin-eam-app.vercel.app/manifest.wc.json
https://admin-fixed-route-app-staging.vercel.app/manifest.wc.json
https://admin-fixed-route-app.vercel.app/manifest.wc.json
https://widget.intercom.io/widget/wyxobwoi
https://www.googletagmanager.com/gtm.js?id=
https://www.googletagmanager.com/ns.html?id=GTM-PK92HP6
[0m
All findings gathered. Composing the final analyst report.

---

## STEP 1 — DELTA
[NEW] sparelabs.com now responds (301→https://spare.com via Cloudflare; HSTS `max-age=0; preload`) — previously TIMEOUT.
[NEW] platform.sparelabs.com now responds 200 — Micro-frontend SPA shell; previously TIMEOUT.
[NEW] routing.sparelabs.com now responds 404 (`server: envoy`, `via: 1.1 google`) — previously TIMEOUT.
[NEW] forms.sparelabs.com now responds 200 ("Spare Engage Web Portal" SPA; object-store headers) — previously TIMEOUT.
[CHANGED] api.sparelabs.com positively re-identified as envoy edge gateway (`server: envoy`, `via: 1.1 google`); was only "404" in seed.

## STEP 2 — PRIORITIZE
[PRIO] platform.sparelabs.com | score 7.10 | atk8 biz9 tech7 gate2 cloud6 fresh9
[PRIO] api.sparelabs.com | score 6.30 | atk7 biz8 tech6 gate3 cloud5 fresh7
[PRIO] forms.sparelabs.com | score 5.95 | atk5 biz6 tech4 gate8 cloud6 fresh8
[PRIO] routing.sparelabs.com | score 5.75 | atk6 biz7 tech5 gate3 cloud5 fresh8
[PRIO] web (spare.com / sparelabs.com) | score 4.70 | atk4 biz5 tech2 gate9 cloud3 fresh5

## STEP 3 — HYPOTHESES
[HYP] platform.sparelabs.com CSP leaks internal/staging asset inventory
class: MISCONFIG
asset: platform.sparelabs.com (response `content-security-policy` + `/login` MFE manifest prefetch)
confidence: 60
reasoning: `platform.sparelabs.com` is an MFE orchestrator; its CSP + the `/login` prefetch script enumerate `admin-eam-app(-staging).vercel.app`, `admin-fixed-route-app(-staging).vercel.app`, `metabase.sparelabs.com`, `metabase.staging.sparelabs.com`, `cognito-identity.us-west-2.amazonaws.com`, `*.digitaloceanspaces.com`. Staging admin apps are typically less hardened than production.
evidence_needed: CSP + prefetch captured passively here; staging apps render auth prompts outside prod SSO.
verify_steps: PASSIVE — `GET https://platform.sparelabs.com/login` → read CSP + grep `manifest.wc.json` URLs (done).
impact: Low→Medium — attacker learns internal admin/staging URLs + integrations; enables targeted follow-up. Severity P3.
testability: PASSIVE

[HYP] forms.sparelabs.com served from static object store; sensitive-object/path exposure risk
class: MISCONFIG
asset: forms.sparelabs.com
confidence: 45
reasoning: Root returns `content-disposition: inline; filename="index.html"`, `accept-ranges: bytes`, `etag`, no `server` — classic object-store (DO Spaces/S3) hosting the "Spare Engage" SPA; static portals commonly expose dir listings / sensitive static objects.
evidence_needed: store type confirmed; find unguarded object path returning content.
verify_steps: PASSIVE — `HEAD/GET https://forms.sparelabs.com/` (have 200); enumerate `/static/`, `/static/js/*.js` (check for leaked env), `/.well-known/`, `/admin` ≤1rps.
impact: Low — potential read of static assets/config. Severity P4.
testability: PASSIVE

[HYP] api.sparelabs.com auth not challengeable at edge; real surface hidden behind path prefix
class: AUTH
asset: api.sparelabs.com
confidence: 38
reasoning: Root + `/docs,/swagger,/openapi.json,/api,/api/v1,/health,/v1,/metrics` all return envoy 404 with no `WWW-Authenticate`; gateway hides routes behind unknown path prefix + bearer token.
evidence_needed: discover valid route that returns a resource without auth challenge.
verify_steps: AUTH_HELPED — passive enumeration yields only 404 (no token available).
impact: High only if bypass proven — currently speculative.
testability: AUTH_HELPED

## STEP 4 — SELF-CRITIQUE
[PARKED] api.sparelabs.com edge-gateway AUTH: confidence 38 (<40); a 404 on root is normal for an edge API gateway and is not evidence of an auth bypass; no concrete exploit step exists in scope.
[FINAL] HYP1 (platform.sparelabs.com CSP info disclosure), HYP2 (forms.sparelabs.com object-store exposure).

## STEP 5 — NEXT ACTION
[NEXT] SCAN https://forms.sparelabs.com : enumerate sensitive object paths with HEAD/GET ≤1 rps (`/`, `/static/`, `/static/js/*.js`, `/.well-known/`, `/admin`, `/config.js`) to confirm whether the backing object store exposes directory listing or static assets; log any 200/403 that reveals file existence.

## STEP 6 — LEARNING
REJECTED (seed api hypothesis) @ api.sparelabs.com: `/docs,/swagger,/openapi.json,/api,/v1,/health,/metrics` all return envoy 404 (no doc surface) → OpenAPI/swagger enumeration proof-dead.
REJECTED (seed routing hypothesis) @ routing.sparelabs.com: identical envoy 404 on `/` and doc paths → no public API surface revealed passively.
ACCEPTED MISCONFIG @ platform.sparelabs.com: CSP + MFE prefetch publicly disclose staging admin apps (`admin-*-app(-staging).vercel.app`), `metabase.sparelabs.com`, `cognito-identity.us-west-2.amazonaws.com`, DO Spaces.
ACCEPTED (architecture) @ platform.sparelabs.com: `/login,/docs,/api,/openapi.json,/health,/auth` all return the same SPA `index.html` (200) → backend APIs are not at these paths; MFE manifest URLs are the real in-scope service map.

## STEP 7 — RISK SCORE
[RISK] api.sparelabs.com: 55 — envoy edge API gateway, auth-gated, surface not enumerable passively; moderate residual (hidden large API behind tokens).
[RISK] platform.sparelabs.com: 60 — operator/admin MFE SPA; CSP discloses staging admin panels + metabase + Cognito + DO Spaces; auth-gated but leaky headers.
[RISK] routing.sparelabs.com: 50 — envoy gateway; hidden routing-engine API behind 404s; low visible exposure, high latent value.
[RISK] forms.sparelabs.com: 45 — public "Spare Engage" static SPA on object store; open root, limited surface.
[RISK] web (spare.com / sparelabs.com): 40 — Webflow marketing site behind Cloudflare; sparelabs.com 301→spare.com; static exposure only.
