===== ANALYST bigpickle 2026-08-07 18:34:58 UTC =====
[0m
> build · big-pickle
[0m
[0m$ [0mls -la && git log --oneline -5 2>/dev/null; git status --short 2>/dev/null | head -20
total 80
drwxr-xr-x 9 runner runner 4096 Aug  7 18:28 .
drwxr-xr-x 3 runner runner 4096 Aug  7 18:28 ..
drwxr-xr-x 7 runner runner 4096 Aug  7 18:28 .git
drwxr-xr-x 3 runner runner 4096 Aug  7 18:28 .github
-rw-r--r-- 1 runner runner 1043 Aug  7 18:28 README.md
-rw-r--r-- 1 runner runner   32 Aug  7 18:28 analyst-out.txt
-rw-r--r-- 1 runner runner 5713 Aug  7 18:28 analyst-prompt.txt
-rw-r--r-- 1 runner runner 2891 Aug  7 18:28 ctx.txt
drwxr-xr-x 2 runner runner 4096 Aug  7 18:28 inventory
drwxr-xr-x 2 runner runner 4096 Aug  7 18:28 knowledge
drwxr-xr-x 2 runner runner 4096 Aug  7 18:28 leads
drwxr-xr-x 2 runner runner 4096 Aug  7 18:28 reports
-rw-r--r-- 1 runner runner 1539 Aug  7 18:28 scope.yml
drwxr-xr-x 2 runner runner 4096 Aug  7 18:28 scripts
-rw-r--r-- 1 runner runner   35 Aug  7 18:28 state_bigpickle.json
-rw-r--r-- 1 runner runner   35 Aug  7 18:28 state_laguna.json
-rw-r--r-- 1 runner runner   37 Aug  7 18:28 state_ling3.json
-rw-r--r-- 1 runner runner   39 Aug  7 18:28 state_longcat.json
-rw-r--r-- 1 runner runner   40 Aug  7 18:28 state_nemotron3.json
b254454 fix: installer retry loop + aggregate if:always() + knowledge guard (+ restored seeds)
?? analyst-out.txt
?? analyst-prompt.txt
?? ctx.txt
[0m
[0m✱ [0mGlob "**/*.{md,json,yml,yaml,log}"[90m 16 matches[0m
[0m→ [0mRead state_bigpickle.json
[0m→ [0mRead leads/lead-bigpickle.md
[0m→ [0mRead README.md
[0m→ [0mRead reports/hypotheses.md
[0m→ [0mRead reports/valid-bugs.md
[0m→ [0mRead knowledge/index.md
[0m→ [0mRead scope.yml
[0m→ [0mRead inventory/spare.md
[0m
[0m$ [0mfor f in leads/lead-laguna.md leads/lead-ling3.md leads/lead-longcat.md leads/lead-nemotron3.md; do echo "=== $f ==="; cat "$f"; echo; done
=== leads/lead-laguna.md ===
# LEADS laguna (seed)
- SEED: no model output yet; pipeline starts on first run.

=== leads/lead-ling3.md ===
# LEADS ling3 (seed)
- SEED: no model output yet; pipeline starts on first run.

=== leads/lead-longcat.md ===
# LEADS longcat (seed)
- SEED: no model output yet; pipeline starts on first run.

=== leads/lead-nemotron3.md ===
# LEADS nemotron3 (seed)
- SEED: no model output yet; pipeline starts on first run.
[0m
[0m$ [0mls scripts/ && echo "---" && cat scripts/*.sh 2>/dev/null | head -80
sync-issues.py
---
[0m
[0m$ [0mprobe() {
  host="$1"; path="$2";
  code=$(curl -s -o /tmp/probe_body.txt -w "%{http_code}" --max-time 15 -A "Mozilla/5.0 (research recon; read-only GET)" -L --write-out "\nredirect=%{url_effective}\n" "https://$host$path" 2>/dev/null)
  # re-capture headers separately
  headers=$(curl -s -I --max-time 15 -A "Mozilla/5.0 (research recon; read-only)" "https://$host$path" 2>/dev/null | tr -d '\r' | grep -iE "^(HTTP/|server:|content-type:|location:|x-powered|set-cookie|via:|x-amz|cf-|alt-svc)" | head -8)
  size=$(wc -c < /tmp/probe_body.txt 2>/dev/null)
  echo "== $host$path -> code=$code size=$size"; echo "$headers"
}
probe spare.com /
sleep 1
probe api.sparelabs.com /
sleep 1
probe routing.sparelabs.com /
sleep 1
probe forms.sparelabs.com /
== spare.com/ -> code=
redirect=https://spare.com/ size=171419
HTTP/2 200 
content-type: text/html; charset=utf-8
set-cookie: _cfuvid=ZTyuKW.pYNy__z3TphoPoXceqVF0AZpBh4ZUg8OTCXI-1786127362.2245996-1.0.1.1-i7YOIhbZZ7OEpnpoIE_7fAqj_hM8LAEQq2eL0amk.VM; HttpOnly; SameSite=None; Secure; Path=/; Domain=spare.com
cf-ray: a27858adeb8fb57d-ORD
cf-cache-status: HIT
server: cloudflare
alt-svc: h3=":443"; ma=86400
== api.sparelabs.com/ -> code=
redirect=https://api.sparelabs.com/ size=0
HTTP/2 404 
server: envoy
via: 1.1 google
alt-svc: h3=":443"; ma=2592000,h3-29=":443"; ma=2592000
== routing.sparelabs.com/ -> code=
redirect=https://routing.sparelabs.com/ size=0
HTTP/2 404 
server: envoy
via: 1.1 google
alt-svc: h3=":443"; ma=2592000,h3-29=":443"; ma=2592000
== forms.sparelabs.com/ -> code=
redirect=https://forms.sparelabs.com/ size=537
HTTP/2 200 
content-type: text/html; charset=utf-8
server: envoy
via: 1.1 google
alt-svc: h3=":443"; ma=2592000
[0m
[0m$ [0mprobe() {
  host="$1"; path="$2"; body="$3";
  headers=$(curl -s -I --max-time 15 -A "Mozilla/5.0 (research recon; read-only)" "https://$host$path" 2>/dev/null | tr -d '\r' | grep -iE "^(HTTP/|server:|content-type:|location:|x-powered|set-cookie:|via:|x-)" | head -10)
  bodyout=""
  if [ "$body" = "1" ]; then bodyout=$(curl -s --max-time 15 -A "Mozilla/5.0 (research recon; read-only)" "https://$host$path" 2>/dev/null | head -c 600); fi
  echo "== $host$path"; echo "$headers"; [ -n "$bodyout" ] && echo "BODY: $bodyout"; echo
}
probe sparelabs.com /
sleep 1
probe platform.sparelabs.com /
sleep 1
probe forms.sparelabs.com / 1
sleep 1
probe api.sparelabs.com /openapi.json
sleep 1
probe api.sparelabs.com /swagger.json
== sparelabs.com/
HTTP/2 301 
content-type: text/html; charset=UTF-8
location: https://spare.com/
x-content-type-options: nosniff
server: cloudflare

== platform.sparelabs.com/
HTTP/2 200 
x-dns-prefetch-control: off
x-frame-options: SAMEORIGIN
x-download-options: noopen
x-content-type-options: nosniff
x-permitted-cross-domain-policies: none
x-xss-protection: 0
content-type: text/html; charset=UTF-8
x-envoy-upstream-service-time: 2
set-cookie: X-Contour-Session-Affinity="292e95b2356d5bdf"; Path=/; HttpOnly

== forms.sparelabs.com/
HTTP/2 200 
content-type: text/html; charset=utf-8
x-frame-options: DENY
x-envoy-upstream-service-time: 2
server: envoy
via: 1.1 google
BODY: <!doctype html><html lang="en"><head><meta charset="utf-8"/><link rel="icon" href="/favicon.ico"/><meta name="viewport" content="width=device-width,initial-scale=1"/><meta name="theme-color" content="#000000"/><meta name="description" content="Spare Engage Web Portal"/><title>Spare Engage</title><script defer="defer" src="/static/js/main.6ed467ae.js"></script><link href="/static/css/main.a39ccd6a.css" rel="stylesheet"></head><body><noscript>You need to enable JavaScript to run this app.</noscript><div id="root"></div></body></html>

== api.sparelabs.com/openapi.json
HTTP/2 404 
server: envoy
via: 1.1 google

== api.sparelabs.com/swagger.json
HTTP/2 404 
server: envoy
via: 1.1 google
[0m
[0m$ [0mprobe() {
  host="$1"; path="$2"; body="$3";
  headers=$(curl -s -I --max-time 15 -A "Mozilla/5.0 (research recon; read-only)" "https://$host$path" 2>/dev/null | tr -d '\r' | grep -iE "^(HTTP/|server:|content-type:|location:|x-powered|set-cookie:|x-envoy|via:|x-frame)" | head -8)
  echo "== $host$path"; echo "$headers"
  if [ "$body" = "1" ]; then echo "BODY: $(curl -s --max-time 15 -A "Mozilla/5.0 (research recon; read-only)" "https://$host$path" 2>/dev/null | head -c 900 | tr -d '\n')"; fi
  echo
}
probe platform.sparelabs.com / 1
sleep 1
probe api.sparelabs.com /v1
sleep 1
probe api.sparelabs.com /health
sleep 1
probe routing.sparelabs.com /health
sleep 1
probe routing.sparelabs.com /nearest/v1/driving/-122.4194,37.7749?number=1 1
== platform.sparelabs.com/
HTTP/2 200 
x-frame-options: SAMEORIGIN
content-type: text/html; charset=UTF-8
x-envoy-upstream-service-time: 2
set-cookie: X-Contour-Session-Affinity="397e64031ca1f441"; Path=/; HttpOnly
server: envoy
via: 1.1 google
BODY: <!doctype html><html lang="en">  <head>    <meta charset="utf-8" />    <meta name="viewport" content="width=device-width, initial-scale=1" />    <meta http-equiv="cache-control" content="max-age=0" />    <meta http-equiv="cache-control" content="no-cache" />    <meta http-equiv="expires" content="0" />    <meta http-equiv="expires" content="Tue, 01 Jan 1980 1:00:00 GMT" />    <meta http-equiv="pragma" content="no-cache" />    <!--      Notice we prevent caching of the index.html file so that users are      not seeing an old build at any time when they refresh the page    -->    <link rel="shortcut icon" href="/favicon.ico" />    <!--      Micro-frontend manifest prefetch script (generated from config/mfeConfig.js).            This script fetches ALL MFE manifest URLs early (production, staging, localhost)      and stores them in window.__MFE_MANIFESTS__ for the JS laye

== api.sparelabs.com/v1
HTTP/2 404 
server: envoy
via: 1.1 google

== api.sparelabs.com/health
HTTP/2 404 
server: envoy
via: 1.1 google

== routing.sparelabs.com/health
HTTP/2 404 
server: envoy
via: 1.1 google

== routing.sparelabs.com/nearest/v1/driving/-122.4194,37.7749?number=1
HTTP/2 404 
server: envoy
via: 1.1 google
BODY:
[0m
[0m$ [0mcurl -s --max-time 15 -A "Mozilla/5.0 (research recon; read-only)" "https://platform.sparelabs.com/" -o /tmp/platform_index.html; wc -c /tmp/platform_index.html; grep -oE '(src|href)="[^"]+"' /tmp/platform_index.html | head -40; echo "---meta/api hints---"; grep -oiE '(api[^"'"'"' ]{0,60})' /tmp/platform_index.html | sort -u | head -30
5555 /tmp/platform_index.html
href="/favicon.ico"
src="/assets/index-DHUgT6Ph.js"
href="/assets/pdfjs-iiTMpSq-.js"
href="/assets/moment-BW-G0Mnq.js"
href="/assets/webgl-BdufDHAL.js"
href="/assets/lodash-BQF6Yw-V.js"
href="/assets/index-ERbNwljj.css"
src="https://www.googletagmanager.com/ns.html?id=GTM-PK92HP6"
---meta/api hints---
[0m
[0m$ [0mcurl -s --max-time 30 -A "Mozilla/5.0 (research recon; read-only)" "https://platform.sparelabs.com/assets/index-DHUgT6Ph.js" -o /tmp/platform_main.js; wc -c /tmp/platform_main.js
6011918 /tmp/platform_main.js
[0m
[0m$ [0mcurl -s --max-time 30 -A "Mozilla/5.0 (research recon; read-only)" "https://forms.sparelabs.com/static/js/main.6ed467ae.js" -o /tmp/forms_main.js; wc -c /tmp/forms_main.js
7159577 /tmp/forms_main.js
[0m
[0m$ [0mecho "=== platform: sparelabs/api refs ==="; grep -oE 'https?://[a-zA-Z0-9.-]*sparelabs\.com[a-zA-Z0-9/_.-]*' /tmp/platform_main.js | sort -u | head -40; echo; echo "=== platform: auth hints ==="; grep -oiE '(auth0|oauth|client_id|client_secret|bearer[^"'"'"',;]{0,20}|graphql|/v[0-9]+/[a-z])' /tmp/platform_main.js | sort -u | head -40
=== platform: sparelabs/api refs ===
https://api.eu.sparelabs.com
https://api.jp.sparelabs.com
https://api.sparelabs.com
https://api.staging.sparelabs.com
https://api.staging.us.sparelabs.com
https://api.uat.sparelabs.com
https://api.us.sparelabs.com
https://api.us2.sparelabs.com
https://forms.sparelabs.com
https://forms.staging.sparelabs.com
https://help.sparelabs.com
https://my.sparelabs.com
https://my.staging.sparelabs.com
https://platform.eu.sparelabs.com
https://platform.jp.sparelabs.com
https://platform.sparelabs.com
https://platform.staging.sparelabs.com
https://platform.staging.us.sparelabs.com
https://platform.us.sparelabs.com
https://platform.us2.sparelabs.com

=== platform: auth hints ===
/v1/a
/v1/j
/v11/i
Bearer ${r}`}:{}
Bearer ${r}`}})
CLIENT_SECRET
OAUTH
OAuth
client_id
graphql
oAuth
oauth
[0m
[0m$ [0mecho "=== forms: sparelabs/api refs ==="; grep -oE 'https?://[a-zA-Z0-9.-]*sparelabs\.com[a-zA-Z0-9/_.-]*' /tmp/forms_main.js | sort -u | head -40; echo; echo "=== forms: auth hints ==="; grep -oiE '(auth0|oauth|client_id|client_secret|bearer[^"'"'"',;]{0,20}|graphql|/v[0-9]+/[a-z])' /tmp/forms_main.js | sort -u | head -40
=== forms: sparelabs/api refs ===
https://api.staging.sparelabs.com
https://api.staging.us.sparelabs.com
https://api.us.sparelabs.com
https://forms.sparelabs.com
https://forms.staging.sparelabs.com
https://forms.staging.us.sparelabs.com
https://forms.us.sparelabs.com

=== forms: auth hints ===
/v1/j
/v11/i
Bearer 
OAuth
graphql
oAuth
oauth
[0m
[0m$ [0mecho "=== platform: oauth client config ==="; grep -oE 'client_id["'"'"']?[:=]["'"'"'][^"'"'"',;]{3,60}' /tmp/platform_main.js | sort -u | head -20; echo "=== platform: auth domain ==="; grep -oE 'https?://[a-zA-Z0-9.-]*(auth|login|sso)[a-zA-Z0-9.-]*[^"'"'"' ]{0,40}' /tmp/platform_main.js | sort -u | head -20; echo "=== platform: routing refs ==="; grep -oE 'routing[a-zA-Z0-9.-]{0,40}' /tmp/platform_main.js | sort -u | head -10; echo "=== platform: v1 endpoint examples ==="; grep -oE '"/v1/[a-zA-Z0-9_/{}$.-]{2,50}' /tmp/platform_main.js | sort -u | head -30
=== platform: oauth client config ===
=== platform: auth domain ===
=== platform: routing refs ===
routing
routingData
routingDataLastUpdatedAt
routingDataLastUpdatedAtHint
routingEnabled
routingHost
routingNotes
routingVehicleClass
=== platform: v1 endpoint examples ===
"/v1/journeyNotifications/rebookedRescheduled
"/v1/journeyNotifications/rebookedReshaped
"/v1/journeyNotifications/rebookingFailed
"/v1/journeyNotifications/rebookingPlanned
[0m
[0m$ [0mecho "=== platform: auth0 ==="; grep -oE '[a-z0-9.-]*auth0[a-z0-9.-]*' /tmp/platform_main.js | sort -u | head; echo "=== platform: grant/issuer/token ==="; grep -oE '"(issuer|tokenEndpoint|authorization_endpoint|grant_type|audience)"[: ]*"[^"]{2,80}' /tmp/platform_main.js | sort -u | head -20; echo "=== forms: auth0/issuer ==="; grep -oE '[a-z0-9.-]*auth0[a-z0-9.-]*' /tmp/forms_main.js | sort -u | head; grep -oE '"(issuer|tokenEndpoint|authorization_endpoint|grant_type|audience)"[: ]*"[^"]{2,80}' /tmp/forms_main.js | sort -u | head -20; echo "=== forms: client_id ==="; grep -oE 'client_id["'"'"']?[:=][^,;]{3,60}' /tmp/forms_main.js | sort -u | head
=== platform: auth0 ===
=== platform: grant/issuer/token ===
=== forms: auth0/issuer ===
=== forms: client_id ===
[0m
[0m$ [0mecho "=== platform: api base context ==="; grep -oE '.{120}https://api\.sparelabs\.com.{120}' /tmp/platform_main.js | head -6; echo; echo "=== platform: routingHost context ==="; grep -oE '.{80}routingHost.{80}' /tmp/platform_main.js | head -6
=== platform: api base context ===
velopment]:man,[Qa.Ngrok]:gan},yan=new Set(["https://api.staging.sparelabs.com","https://api.staging.us.sparelabs.com","https://api.sparelabs.com","https://api.us.sparelabs.com","https://api.us2.sparelabs.com","https://api.eu.sparelabs.com","https://api.jp.sparelab

=== platform: routingHost context ===
anization.id);this.organizationApiHost=t.apiHost,this.organizationRoutingHost=t.routingHost}}get isEasterEggActive(){return this.easterEggCounter>=sBe}tickEasterEgg(){cons
tionApiHost&&(this.organizationApiHost=r.apiHost,this.organizationRoutingHost=r.routingHost,window.location.reload())}))}updateUserSettings(t){if(!this.admin)throw new Err
[0m
[0m$ [0mprobe() {
  host="$1"; path="$2";
  out=$(curl -s -o /tmp/b.txt -w "code=%{http_code}" --max-time 15 -A "Mozilla/5.0 (research recon; read-only)" "https://$host$path" 2>/dev/null); echo "== $host$path -> $out size=$(wc -c < /tmp/b.txt)"; head -c 200 /tmp/b.txt; echo; echo
}
probe api.sparelabs.com /v1/journeys
sleep 1
probe api.sparelabs.com /robots.txt
sleep 1
probe api.sparelabs.com /.well-known/openid-configuration
== api.sparelabs.com/v1/journeys -> code=401 size=143
{"name":"InvalidTokenError","message":"Request lacks Authorization header","metadata":{"correlationId":"078acec0-fd73-43e1-87d9-065463b1643a"}}

== api.sparelabs.com/robots.txt -> code=404 size=0


== api.sparelabs.com/.well-known/openid-configuration -> code=404 size=0
[0m
[0m← [0mWrite leads/lead-bigpickle.md
Wrote file successfully.
[0m
Probes complete — the previously-timing-out hosts are now reachable and reveal a different stack than the seed inventory. Writing my analysis to the pipeline lead file.
STEP 1 — DELTA
- [CHANGED] api.sparelabs.com: reachable (was timeout). Envoy+GCP; 404 on /, /openapi.json, /swagger.json, /robots.txt, /.well-known/openid-configuration; **live /v1 API confirmed** — no-auth GET /v1/journeys → 401 `InvalidTokenError` "Request lacks Authorization header" (+correlationId)
- [CHANGED] routing.sparelabs.com: reachable (was timeout). 404 on /, /health, /nearest/v1/driving/... → not plain OSRM at that prefix; role unknown
- [CHANGED] forms.sparelabs.com: reachable (was timeout). 200 "Spare Engage Web Portal" React SPA; X-Frame-Options: DENY; Envoy+GCP
- [CHANGED] platform.sparelabs.com: reachable (was timeout). 200 Vite MFE SPA; `X-Contour-Session-Affinity` cookie (HttpOnly, NO Secure) → **Contour ingress on GKE**; GTM-PK92HP6 (3rd-party, excluded)
- [NEW] sparelabs.com: 301 → https://spare.com/ (Cloudflare) — apex is a pure redirect
- [NEW] Stack split: spare.com/sparelabs.com = Cloudflare; api/routing/platform/forms = Google Cloud (envoy, `via: 1.1 google`)
- [NEW] Bundles hardcode api.us/eu/jp/us2.sparelabs.com, api.staging.*, platform.eu/jp/us/us2.* → all subdomains NOT on in-scope list ⇒ EXCLUDED, do not test
- [NEW] Auth model: Authorization header (JWT/Bearer); v1 namespace live + in bundles (/v1/journeys, /v1/journeyNotifications/*); platform picks API host per-org (organizationApiHost/organizationRoutingHost, incl. ngrok QA config)
- [CHANGED] Seed hypothesis [50] "timeouts = CDN/WAF gating" RETIRED — all reachable on retry

STEP 2 — PRIORITIZE
- [PRIO] api.sparelabs.com score=6.95 | attack=8 business=9 tech=8 gate=2 cloud=3 fresh=9
- [PRIO] platform.sparelabs.com score=6.95 | attack=7 business=9 tech=8 gate=3 cloud=4 fresh=9
- [PRIO] forms.sparelabs.com score=6.00 | attack=6 business=7 tech=6 gate=5 cloud=3 fresh=8
- [PRIO] spare.com score=6.05 | attack=5 business=8 tech=5 gate=9 cloud=2 fresh=5 (marketing, low depth)
- [PRIO] routing.sparelabs.com score=5.80 | attack=5 business=6 tech=6 gate=7 cloud=3 fresh=8

STEP 3 — HYPOTHESES
[HYP] Unauthenticated /v1/ endpoint surface on API gateway
class: MISCONFIG
asset: api.sparelabs.com/v1/**
confidence: 55
reasoning: Live probe shows /v1/journeys returns explicit 401 InvalidTokenError with no Authorization header; bundles enumerate /v1/journeyNotifications/*. Single-header gate observed on one route only; enforcement may be inconsistent across the large v1 surface.
evidence_needed: a /v1/* route returning 2xx without auth, or 500/stacktrace instead of 401.
verify_steps: PASSIVE. GET (no Authorization) /v1/config, /v1/health, /v1/journeyNotifications + /v1/nonexistent (control); classify 401/200/404/500; ≤1 rps, 4 requests.
impact: unauthenticated read of operational/journey data if any route misses the guard; medium-high.
testability: PASSIVE

[HYP] MFE-manifest / dynamic org-host client-side XSS or config injection
class: XSS
asset: platform.sparelabs.com
confidence: 50
reasoning: index.html fetches "ALL MFE manifest URLs early (production, staging, localhost)" into window.__MFE_MANIFESTS__; org settings expose user-influenced fields (organizationApiHost, organizationRoutingHost). Dynamic remote-host selection + client bundle loading is a classic DOM-XSS/URL-injection surface. Affinity cookie lacks Secure (minor).
evidence_needed: manifest URL reaching a script/DOM sink without allowlist, or a postMessage handler injecting HTML.
verify_steps: PASSIVE static review of captured assets/index-DHUgT6Ph.js (6.0MB): __MFE_MANIFESTS__ consumer, message listeners, innerHTML/dangerouslySetInnerHTML sinks, host allowlist. No live payloads.
impact: client-side XSS in admin console, token theft; high.
testability: PASSIVE

[HYP] Engage portal IDOR against shared /v1 API via journey/booking IDs
class: IDOR
asset: forms.sparelabs.com (+ api.sparelabs.com/v1)
confidence: 45
reasoning: Engage portal is a public (auth-less shell) SPA calling the same /v1 Bearer API; portal routes typically embed journey/booking IDs in URLs. API guards per route; cross-tenant object access depends on ID authorization, not just authentication.
evidence_needed: an ID in a portal URL whose resource is returned for a token not owning it.
verify_steps: PASSIVE first (extract id-params + ID shape from forms bundle), then AUTH_HELPED: get a test token via program channel (no self-signup per rules) and test cross-tenant read on a low-risk endpoint.
impact: cross-tenant read of passenger/journey PII; high.
testability: AUTH_HELPED

STEP 4 — SELF-CRITIQUE
- [PARKED] vendored-fork CVE sweep (seed [45]): no concrete in-scope path from org forks to a live service; static-only, no passive verify step.
- [PARKED] OSRM/routing surface at routing.sparelabs.com: /nearest/v1 + /health 404 → naive assumption dead; keep asset, no hypothesis yet.
- [FINAL] H1 (MISCONFIG, 55) > H2 (XSS, 50) > H3 (IDOR, 45)

STEP 5 — NEXT ACTION
[NEXT] PROBE: bound no-auth GET sweep on api.sparelabs.com: /v1/config, /v1/health, /v1/journeyNotifications + /v1/nonexistent control, classify 401/200/404/500, ≤1 rps.

STEP 6 — LEARNING
- ACCEPTED MISCONFIG @ api.sparelabs.com: /v1 namespace live; unauth requests get explicit 401 InvalidTokenError → per-route guard, single auth header
- ACCEPTED OATH @ api.sparelabs.com: openapi/swagger/openid-config all 404 → no doc/OpenID discovery exposure
- REJECTED MISCONFIG @ routing.sparelabs.com: naive OSRM assumption dead (/nearest/v1, /health 404)
- REJECTED MISCONFIG @ CDN/WAF-gating: all timeout hosts now reachable; stack split (Cloudflare web / GCP api,platform,routing,forms), not WAF gating

STEP 7 — RISK SCORE
- [RISK] api.sparelabs.com: 68 | live v1 API, single-header gate, large surface, no doc exposure, correlationId aids enumeration
- [RISK] platform.sparelabs.com: 60 | MFE shell + dynamic org-host selection; affinity cookie w/o Secure; high business value; good baseline headers
- [RISK] routing.sparelabs.com: 40 | reachable, 404 on common paths, unknown service; low exposure until identified
- [RISK] forms.sparelabs.com: 52 | public portal shell, DENY framing; IDOR depends on token model
- [RISK] web (spare.com/sparelabs.com): 35 | marketing/static on Cloudflare WAF; sparelabs.com 301→spare.com; low surface

All probes were GET/HEAD, ≤1 rps; findings saved to `leads/lead-bigpickle.md`.
